Archive member included to satisfy reference by file (symbol)

./lib\libc.a(lib_a-memcpy-stub.o)
                              lib\rt.o (memcpy)
./lib\libc.a(lib_a-memset.o)  lib\SOC.o (memset)
./lib\libc.a(lib_a-strcpy.o)  lib\srv.o (strcpy)
./lib\libc.a(lib_a-strlen.o)  lib\rt.o (strlen)

Allocating common symbols
Common symbol       size              file

sdmcArchive         0x18              gameplg.o
monsterHP           0x4               gameplg.o
fsUserHandle        0x4               gameplg.o
threadStack         0x4000            gameplg.o

Memory Configuration

Name             Origin             Length             Attributes
*default*        0x00000000         0xffffffff

Linker script and memory map

                0x00100100                . = 0x100100
                0x00100100                . = ALIGN (0x4)

.text           0x00100100     0x27b4
                0x00100100                __text_start = .
 bootloader.o(.text*)
 .text          0x00100100       0xb0 bootloader.o
                0x00100100                _Reset
                0x0010017c                _ReturnToUser
                0x00100190                plgGetIoBase
 *(.text*)
 .text          0x001001b0      0x230 gameplg.o
                0x001001b0                getKey
                0x001001d0                waitKeyUp
                0x001001f8                checkPointerValid
                0x00100214                gamePluginEntry
 .text          0x001003e0      0x144 lib\AC.o
                0x001003e0                ACU_cmd1
                0x00100430                ACU_cmd26
                0x00100490                ACU_GetWifiStatus
                0x001004c8                ACU_WaitInternetConnection
 .text          0x00100524       0x30 lib\entry.o
                0x00100524                c_entry
                0x00100550                IRQHandler
 .text          0x00100554      0x50c lib\FS.o
                0x00100554                FSUSER_Initialize
                0x00100588                FSUSER_OpenFile
                0x00100628                FSUSER_OpenFileDirectly
                0x001006e8                FSUSER_OpenArchive
                0x0010076c                FSUSER_OpenDirectory
                0x001007f8                FSUSER_CloseArchive
                0x00100848                FSFILE_Close
                0x00100878                FSFILE_Read
                0x001008e0                FSFILE_Write
                0x00100950                FSFILE_GetSize
                0x00100994                FSFILE_SetSize
                0x001009cc                FSDIR_Read
                0x00100a30                FSDIR_Close
 .text          0x00100a60       0x28 lib\main.o
                0x00100a60                threadStart
 .text.startup  0x00100a88       0x80 lib\main.o
                0x00100a88                main
 *fill*         0x00100b08        0x8 
 .text          0x00100b10       0x10 lib\misc.o
                0x00100b10                sleep
 .text          0x00100b20       0x3c lib\OS.o
                0x00100b20                OS_ConvertVaddr2Physaddr
 .text          0x00100b5c       0xd4 lib\pm.o
                0x00100b5c                dumpKernel
                0x00100b60                getCurrentProcessId
                0x00100b84                getCurrentProcessHandle
                0x00100bec                protectRemoteMemory
                0x00100c10                protectMemory
 .text          0x00100c30      0x54c lib\rt.o
                0x00100c30                rtInitLock
                0x00100c3c                rtAcquireLock
                0x00100c70                rtReleaseLock
                0x00100c7c                rtAlignToPageSize
                0x00100c8c                rtGetPageOfAddress
                0x00100c98                rtCheckRemoteMemoryRegionSafeForWrite
                0x00100ce8                rtSafeCopyMemory
                0x00100d40                rtRecvSocket
                0x00100da0                rtSendSocket
                0x00100dfc                rtIntToPortNumber
                0x00100e18                rtGetFileSize
                0x00100f04                rtLoadFileToBuffer
                0x0010104c                rtGenerateJumpCode
                0x00101064                rtFlushInstructionCache
                0x0010107c                rtInitHook
                0x001010f4                rtEnableHook
                0x00101138                rtDisableHook
 .text          0x0010117c      0x10c lib\sharedfunc.o
                0x0010117c                initSharedFunc
 .text          0x00101288      0xef8 lib\SOC.o
                0x001012c4                socu_cmd1
                0x00101314                SOC_Shutdown
                0x00101350                SOC_Initialize
                0x001013b8                SOC_GetErrno
                0x001013c8                socket
                0x00101430                closesocket
                0x00101490                shutdown
                0x001014f4                listen
                0x00101558                accept
                0x00101654                bind
                0x00101724                connect
                0x001017f4                socuipc_cmd7
                0x00101910                socuipc_cmd8
                0x00101a50                socuipc_cmd9
                0x00101b60                socuipc_cmda
                0x00101c74                recvfrom
                0x00101ca0                sendto
                0x00101ccc                recv
                0x00101ce8                send
                0x00101d04                getsockopt
                0x00101db4                setsockopt
                0x00101e3c                fcntl
                0x00101f04                sockatmark
                0x00101f64                gethostid
                0x00101fa0                getsockname
                0x00102090                getpeername
 .text          0x00102180      0x118 lib\srv.o
                0x00102180                exitSrv
                0x00102198                srv_RegisterClient
                0x001021d8                initSrv
                0x0010220c                srv_getServiceHandle
 .text          0x00102298       0x40 lib\stub.o
                0x00102298                showDbg
                0x001022a0                nsDbgPrint
                0x001022a8                plgRegisterMenuEntry
                0x001022b0                plgGetSharedServiceHandle
                0x001022b8                plgRequestMemory
                0x001022c0                plgRegisterCallback
                0x001022c8                xsprintf
                0x001022d0                controlVideo
 *fill*         0x001022d8        0x8 
 .text          0x001022e0      0x2a0 lib\svc.o
                0x001022e0                getThreadCommandBuffer
                0x001022ec                svc_controlMemory
                0x0010230c                svc_exitProcess
                0x00102314                svc_createThread
                0x00102334                svc_exitThread
                0x0010233c                svc_sleepThread
                0x00102344                svc_createMutex
                0x00102358                svc_releaseMutex
                0x00102360                svc_releaseSemaphore
                0x00102374                svc_createEvent
                0x00102388                svc_signalEvent
                0x00102390                svc_clearEvent
                0x00102398                svc_createMemoryBlock
                0x001023b0                svc_mapMemoryBlock
                0x001023b8                svc_unmapMemoryBlock
                0x001023c0                svc_arbitrateAddress
                0x001023c8                svc_closeHandle
                0x001023d0                svc_waitSynchronization1
                0x001023d8                svc_waitSynchronizationN
                0x001023f8                svc_getSystemTick
                0x00102400                svc_getSystemInfo
                0x0010241c                svc_getProcessInfo
                0x00102438                svc_connectToPort
                0x0010244c                svc_sendSyncRequest
                0x00102454                svc_getProcessId
                0x00102468                svc_getThreadId
                0x0010247c                svc_setThreadIdealProcessor
                0x00102484                svc_openThread
                0x00102498                svc_flushProcessDataCache
                0x001024a0                svc_invalidateProcessDataCache
                0x001024a8                svc_queryMemory
                0x001024b0                svc_addCodeSegment
                0x001024b8                svc_openProcess
                0x001024cc                svc_controlProcessMemory
                0x001024e4                svc_mapProcessMemory
                0x001024ec                svc_startInterProcessDma
                0x0010250c                svc_getDmaState
                0x00102520                svc_backDoor
                0x00102528                svc_getProcessList
                0x0010253c                svc_getThreadList
                0x00102550                svc_getThreadContext
                0x00102558                svc_debugActiveProcess
                0x0010256c                svc_readProcessMemory
                0x00102574                svc_writeProcessMemory
 .text          0x00102580       0xf0 ./lib\libc.a(lib_a-memcpy-stub.o)
                0x00102580                memcpy
 .text          0x00102670       0xf4 ./lib\libc.a(lib_a-memset.o)
                0x00102670                memset
 .text          0x00102764       0xf0 ./lib\libc.a(lib_a-strcpy.o)
                0x00102764                strcpy
 .text          0x00102854       0x60 ./lib\libc.a(lib_a-strlen.o)
                0x00102854                strlen

.glue_7         0x001028b4        0x0
 .glue_7        0x001028b4        0x0 linker stubs

.glue_7t        0x001028b4        0x0
 .glue_7t       0x001028b4        0x0 linker stubs

.vfp11_veneer   0x001028b4        0x0
 .vfp11_veneer  0x001028b4        0x0 linker stubs

.v4_bx          0x001028b4        0x0
 .v4_bx         0x001028b4        0x0 linker stubs

.plt            0x001028b4        0x0
 .plt           0x001028b4        0x0 bootloader.o

.iplt           0x001028b4        0x0
 .iplt          0x001028b4        0x0 bootloader.o
                0x001028b4                . = ALIGN (0x4)

.data           0x001028b4        0xc
 *(.data)
 .data          0x001028b4        0x0 bootloader.o
 .data          0x001028b4        0x8 gameplg.o
                0x001028b4                IoBasePad
                0x001028b8                pointer0
 .data          0x001028bc        0x0 lib\AC.o
 .data          0x001028bc        0x0 lib\entry.o
 .data          0x001028bc        0x0 lib\FS.o
 .data          0x001028bc        0x4 lib\main.o
                0x001028bc                socuRet
 .data          0x001028c0        0x0 lib\misc.o
 .data          0x001028c0        0x0 lib\OS.o
 .data          0x001028c0        0x0 lib\pm.o
 .data          0x001028c0        0x0 lib\rt.o
 .data          0x001028c0        0x0 lib\sharedfunc.o
 .data          0x001028c0        0x0 lib\SOC.o
 .data          0x001028c0        0x0 lib\srv.o
 .data          0x001028c0        0x0 lib\stub.o
 .data          0x001028c0        0x0 lib\svc.o
 .data          0x001028c0        0x0 ./lib\libc.a(lib_a-memcpy-stub.o)
 .data          0x001028c0        0x0 ./lib\libc.a(lib_a-memset.o)
 .data          0x001028c0        0x0 ./lib\libc.a(lib_a-strcpy.o)
 .data          0x001028c0        0x0 ./lib\libc.a(lib_a-strlen.o)

.dynamic        0x001028c0       0x80
 .dynamic       0x001028c0       0x80 bootloader.o
                0x001028c0                _DYNAMIC

.got            0x00102940        0x0
 .got           0x00102940        0x0 bootloader.o

.got.plt        0x00102940        0xc
 .got.plt       0x00102940        0xc bootloader.o
                0x00102940                _GLOBAL_OFFSET_TABLE_

.igot.plt       0x0010294c        0x0
 .igot.plt      0x0010294c        0x0 bootloader.o
                0x0010294c                . = ALIGN (0x4)
                0x0010294c                . = ALIGN (0x4)

.rel.dyn        0x0010294c      0x218
 *(.__rel_dyn_start)
 .__rel_dyn_start
                0x0010294c        0x0 bootloader.o
 *(.rel*)
 .rel.got       0x0010294c        0x0 bootloader.o
 .rel.plt       0x0010294c        0x0 bootloader.o
 .rel.iplt      0x0010294c        0x0 bootloader.o
 .rel.text      0x0010294c      0x1f8 bootloader.o
 .rel.text.startup
                0x00102b44       0x20 bootloader.o
 *(.rel.*)
 *(.__rel_dyn_end)
 .__rel_dyn_end
                0x00102b64        0x0 bootloader.o
                0x00102b64                __code_end = .

.interp         0x00102b64       0x11
 .interp        0x00102b64       0x11 bootloader.o

.gnu.version_d  0x00102b78        0x0
 .gnu.version_d
                0x00102b78        0x0 bootloader.o

.gnu.version    0x00102b76        0x0
 .gnu.version   0x00102b76        0x0 bootloader.o

.gnu.version_r  0x00102b78        0x0
 .gnu.version_r
                0x00102b78        0x0 bootloader.o

.dynsym         0x00102b78       0x60
 .dynsym        0x00102b78       0x60 bootloader.o

.dynstr         0x00102bd8       0x21
 .dynstr        0x00102bd8       0x21 bootloader.o

.hash           0x00102bfc       0x2c
 .hash          0x00102bfc       0x2c bootloader.o

.rodata.str1.1  0x00102c28       0xc2
 .rodata.str1.1
                0x00102c28        0x5 lib\AC.o
 .rodata.str1.1
                0x00102c2d       0x20 lib\main.o
 .rodata.str1.1
                0x00102c4d       0x1e lib\pm.o
 .rodata.str1.1
                0x00102c6b       0x74 lib\rt.o
 .rodata.str1.1
                0x00102cdf        0x6 lib\SOC.o
 .rodata.str1.1
                0x00102ce5        0x5 lib\srv.o

.rodata         0x00102cea       0x4d
 .rodata        0x00102cea       0x4d lib\SOC.o
                0x00102d38                . = ALIGN (0x4)

.bss            0x00102d38     0x4048
 *(.__bss_start)
 .__bss_start   0x00102d38        0x0 bootloader.o
                0x00102d38                __c_bss_start
 *(.bss COMMON)
 .bss           0x00102d38        0x0 bootloader.o
 .bss           0x00102d38       0x14 gameplg.o
                0x00102d38                isNewNtr
                0x00102d3c                cheatEnabled
                0x00102d40                pointer1
                0x00102d44                start_offset
                0x00102d48                longswordGauge
 COMMON         0x00102d4c     0x4020 gameplg.o
                0x00102d4c                sdmcArchive
                0x00102d64                monsterHP
                0x00102d68                fsUserHandle
                0x00102d6c                threadStack
 .bss           0x00106d6c        0x0 lib\AC.o
 .bss           0x00106d6c        0x0 lib\entry.o
 .bss           0x00106d6c        0x0 lib\FS.o
 .bss           0x00106d6c        0x0 lib\main.o
 .bss           0x00106d6c        0x0 lib\misc.o
 .bss           0x00106d6c        0x0 lib\OS.o
 .bss           0x00106d6c        0x8 lib\pm.o
                0x00106d6c                currentPid
                0x00106d70                hCurrentProcess
 .bss           0x00106d74        0x0 lib\rt.o
 .bss           0x00106d74        0x0 lib\sharedfunc.o
 .bss           0x00106d74        0x8 lib\SOC.o
                0x00106d74                SOCU_handle
 .bss           0x00106d7c        0x4 lib\srv.o
                0x00106d7c                srvHandle
 .bss           0x00106d80        0x0 lib\stub.o
 .bss           0x00106d80        0x0 lib\svc.o
 .bss           0x00106d80        0x0 ./lib\libc.a(lib_a-memcpy-stub.o)
 .bss           0x00106d80        0x0 ./lib\libc.a(lib_a-memset.o)
 .bss           0x00106d80        0x0 ./lib\libc.a(lib_a-strcpy.o)
 .bss           0x00106d80        0x0 ./lib\libc.a(lib_a-strlen.o)
 *(.__bss_end)
 .__bss_end     0x00106d80        0x0 bootloader.o
                0x00106d80                __c_bss_end
                0x00106d80                __end__ = .
LOAD bootloader.o
LOAD gameplg.o
LOAD lib\AC.o
LOAD lib\entry.o
LOAD lib\FS.o
LOAD lib\main.o
LOAD lib\misc.o
LOAD lib\OS.o
LOAD lib\pm.o
LOAD lib\rt.o
LOAD lib\sharedfunc.o
LOAD lib\SOC.o
LOAD lib\srv.o
LOAD lib\stub.o
LOAD lib\svc.o
LOAD ./lib\libc.a
LOAD ./lib\libgcc.a
OUTPUT(a.out elf32-littlearm)

.dynbss         0x00106d80        0x0
 .dynbss        0x00106d80        0x0 bootloader.o

.ARM.attributes
                0x00000000       0x27
 .ARM.attributes
                0x00000000       0x19 bootloader.o
 .ARM.attributes
                0x00000019       0x2b gameplg.o
 .ARM.attributes
                0x00000044       0x2b lib\AC.o
 .ARM.attributes
                0x0000006f       0x2b lib\entry.o
 .ARM.attributes
                0x0000009a       0x2b lib\FS.o
 .ARM.attributes
                0x000000c5       0x2b lib\main.o
 .ARM.attributes
                0x000000f0       0x19 lib\misc.o
 .ARM.attributes
                0x00000109       0x2b lib\OS.o
 .ARM.attributes
                0x00000134       0x2b lib\pm.o
 .ARM.attributes
                0x0000015f       0x2b lib\rt.o
 .ARM.attributes
                0x0000018a       0x2b lib\sharedfunc.o
 .ARM.attributes
                0x000001b5       0x2b lib\SOC.o
 .ARM.attributes
                0x000001e0       0x2b lib\srv.o
 .ARM.attributes
                0x0000020b       0x19 lib\stub.o
 .ARM.attributes
                0x00000224       0x19 lib\svc.o
 .ARM.attributes
                0x0000023d       0x30 ./lib\libc.a(lib_a-memcpy-stub.o)
 .ARM.attributes
                0x0000026d       0x30 ./lib\libc.a(lib_a-memset.o)
 .ARM.attributes
                0x0000029d       0x30 ./lib\libc.a(lib_a-strcpy.o)
 .ARM.attributes
                0x000002cd       0x30 ./lib\libc.a(lib_a-strlen.o)

.comment        0x00000000       0x44
 .comment       0x00000000       0x22 gameplg.o
                                 0x23 (size before relaxing)
 .comment       0x00000022       0x22 lib\AC.o
                                 0x23 (size before relaxing)
 .comment       0x00000044       0x23 lib\entry.o
 .comment       0x00000044       0x23 lib\FS.o
 .comment       0x00000044       0x23 lib\main.o
 .comment       0x00000044       0x23 lib\OS.o
 .comment       0x00000044       0x23 lib\pm.o
 .comment       0x00000044       0x23 lib\rt.o
 .comment       0x00000044       0x23 lib\sharedfunc.o
 .comment       0x00000044       0x23 lib\SOC.o
 .comment       0x00000044       0x23 lib\srv.o
 .comment       0x00000044       0x23 ./lib\libc.a(lib_a-memcpy-stub.o)
 .comment       0x00000044       0x23 ./lib\libc.a(lib_a-memset.o)
 .comment       0x00000044       0x23 ./lib\libc.a(lib_a-strcpy.o)
 .comment       0x00000044       0x23 ./lib\libc.a(lib_a-strlen.o)

.debug_info     0x00000000     0x4098
 .debug_info    0x00000000      0x515 gameplg.o
 .debug_info    0x00000515      0x368 lib\AC.o
 .debug_info    0x0000087d      0x11f lib\entry.o
 .debug_info    0x0000099c      0x8a9 lib\FS.o
 .debug_info    0x00001245      0x3ed lib\main.o
 .debug_info    0x00001632       0xc0 lib\OS.o
 .debug_info    0x000016f2      0x335 lib\pm.o
 .debug_info    0x00001a27      0xc82 lib\rt.o
 .debug_info    0x000026a9      0x335 lib\sharedfunc.o
 .debug_info    0x000029de     0x13dc lib\SOC.o
 .debug_info    0x00003dba      0x2de lib\srv.o

.debug_abbrev   0x00000000     0x10c0
 .debug_abbrev  0x00000000      0x1e0 gameplg.o
 .debug_abbrev  0x000001e0      0x13f lib\AC.o
 .debug_abbrev  0x0000031f       0xcc lib\entry.o
 .debug_abbrev  0x000003eb      0x144 lib\FS.o
 .debug_abbrev  0x0000052f      0x1ad lib\main.o
 .debug_abbrev  0x000006dc       0x6d lib\OS.o
 .debug_abbrev  0x00000749      0x15f lib\pm.o
 .debug_abbrev  0x000008a8      0x2aa lib\rt.o
 .debug_abbrev  0x00000b52       0xfb lib\sharedfunc.o
 .debug_abbrev  0x00000c4d      0x304 lib\SOC.o
 .debug_abbrev  0x00000f51      0x16f lib\srv.o

.debug_loc      0x00000000     0x2979
 .debug_loc     0x00000000       0xc9 gameplg.o
 .debug_loc     0x000000c9      0x1cc lib\AC.o
 .debug_loc     0x00000295       0x34 lib\entry.o
 .debug_loc     0x000002c9      0x7db lib\FS.o
 .debug_loc     0x00000aa4       0x76 lib\main.o
 .debug_loc     0x00000b1a       0x5c lib\OS.o
 .debug_loc     0x00000b76       0xfa lib\pm.o
 .debug_loc     0x00000c70      0x6b8 lib\rt.o
 .debug_loc     0x00001328     0x152b lib\SOC.o
 .debug_loc     0x00002853      0x126 lib\srv.o

.debug_aranges  0x00000000      0x168
 .debug_aranges
                0x00000000       0x20 gameplg.o
 .debug_aranges
                0x00000020       0x20 lib\AC.o
 .debug_aranges
                0x00000040       0x20 lib\entry.o
 .debug_aranges
                0x00000060       0x20 lib\FS.o
 .debug_aranges
                0x00000080       0x28 lib\main.o
 .debug_aranges
                0x000000a8       0x20 lib\OS.o
 .debug_aranges
                0x000000c8       0x20 lib\pm.o
 .debug_aranges
                0x000000e8       0x20 lib\rt.o
 .debug_aranges
                0x00000108       0x20 lib\sharedfunc.o
 .debug_aranges
                0x00000128       0x20 lib\SOC.o
 .debug_aranges
                0x00000148       0x20 lib\srv.o

.debug_ranges   0x00000000       0x80
 .debug_ranges  0x00000000       0x18 gameplg.o
 .debug_ranges  0x00000018       0x18 lib\main.o
 .debug_ranges  0x00000030       0x50 lib\rt.o

.debug_line     0x00000000     0x12ae
 .debug_line    0x00000000      0x188 gameplg.o
 .debug_line    0x00000188      0x12e lib\AC.o
 .debug_line    0x000002b6       0xe1 lib\entry.o
 .debug_line    0x00000397      0x1d0 lib\FS.o
 .debug_line    0x00000567      0x155 lib\main.o
 .debug_line    0x000006bc       0xed lib\OS.o
 .debug_line    0x000007a9      0x120 lib\pm.o
 .debug_line    0x000008c9      0x27f lib\rt.o
 .debug_line    0x00000b48      0x102 lib\sharedfunc.o
 .debug_line    0x00000c4a      0x4ed lib\SOC.o
 .debug_line    0x00001137      0x177 lib\srv.o

.debug_str      0x00000000      0xc3e
 .debug_str     0x00000000      0x316 gameplg.o
                                0x3a0 (size before relaxing)
 .debug_str     0x00000316      0x122 lib\AC.o
                                0x1e9 (size before relaxing)
 .debug_str     0x00000438       0x3c lib\entry.o
                                0x14a (size before relaxing)
 .debug_str     0x00000474      0x15c lib\FS.o
                                0x367 (size before relaxing)
 .debug_str     0x000005d0       0xb8 lib\main.o
                                0x2a1 (size before relaxing)
 .debug_str     0x00000688       0x33 lib\OS.o
                                0x123 (size before relaxing)
 .debug_str     0x000006bb       0xdd lib\pm.o
                                0x229 (size before relaxing)
 .debug_str     0x00000798      0x1f7 lib\rt.o
                                0x4f0 (size before relaxing)
 .debug_str     0x0000098f       0x1e lib\sharedfunc.o
                                0x22f (size before relaxing)
 .debug_str     0x000009ad      0x247 lib\SOC.o
                                0x420 (size before relaxing)
 .debug_str     0x00000bf4       0x4a lib\srv.o
                                0x1e1 (size before relaxing)

.debug_frame    0x00000000      0x984
 .debug_frame   0x00000000       0x68 gameplg.o
 .debug_frame   0x00000068       0x8c lib\AC.o
 .debug_frame   0x000000f4       0x30 lib\entry.o
 .debug_frame   0x00000124      0x1ac lib\FS.o
 .debug_frame   0x000002d0       0x48 lib\main.o
 .debug_frame   0x00000318       0x20 lib\OS.o
 .debug_frame   0x00000338       0x90 lib\pm.o
 .debug_frame   0x000003c8      0x1a8 lib\rt.o
 .debug_frame   0x00000570       0x2c lib\sharedfunc.o
 .debug_frame   0x0000059c      0x370 lib\SOC.o
 .debug_frame   0x0000090c       0x78 lib\srv.o
