Archive member included to satisfy reference by file (symbol)

./lib\libc.a(lib_a-memcpy-stub.o)
                              lib\rt.o (memcpy)
./lib\libc.a(lib_a-memset.o)  lib\SOC.o (memset)
./lib\libc.a(lib_a-strcpy.o)  lib\srv.o (strcpy)
./lib\libc.a(lib_a-strlen.o)  lib\rt.o (strlen)

Allocating common symbols
Common symbol       size              file

sdmcArchive         0x18              gameplg.o
monsterHP           0x4               gameplg.o
fsUserHandle        0x4               gameplg.o
threadStack         0x4000            gameplg.o

Memory Configuration

Name             Origin             Length             Attributes
*default*        0x00000000         0xffffffff

Linker script and memory map

                0x00100100                . = 0x100100
                0x00100100                . = ALIGN (0x4)

.text           0x00100100     0x2734
                0x00100100                __text_start = .
 bootloader.o(.text*)
 .text          0x00100100       0xb0 bootloader.o
                0x00100100                _Reset
                0x0010017c                _ReturnToUser
                0x00100190                plgGetIoBase
 *(.text*)
 .text          0x001001b0      0x1b0 gameplg.o
                0x001001b0                getKey
                0x001001d0                waitKeyUp
                0x001001f8                checkPointerValid
                0x00100214                gamePluginEntry
 .text          0x00100360      0x144 lib\AC.o
                0x00100360                ACU_cmd1
                0x001003b0                ACU_cmd26
                0x00100410                ACU_GetWifiStatus
                0x00100448                ACU_WaitInternetConnection
 .text          0x001004a4       0x30 lib\entry.o
                0x001004a4                c_entry
                0x001004d0                IRQHandler
 .text          0x001004d4      0x50c lib\FS.o
                0x001004d4                FSUSER_Initialize
                0x00100508                FSUSER_OpenFile
                0x001005a8                FSUSER_OpenFileDirectly
                0x00100668                FSUSER_OpenArchive
                0x001006ec                FSUSER_OpenDirectory
                0x00100778                FSUSER_CloseArchive
                0x001007c8                FSFILE_Close
                0x001007f8                FSFILE_Read
                0x00100860                FSFILE_Write
                0x001008d0                FSFILE_GetSize
                0x00100914                FSFILE_SetSize
                0x0010094c                FSDIR_Read
                0x001009b0                FSDIR_Close
 .text          0x001009e0       0x28 lib\main.o
                0x001009e0                threadStart
 .text.startup  0x00100a08       0x80 lib\main.o
                0x00100a08                main
 *fill*         0x00100a88        0x8 
 .text          0x00100a90       0x10 lib\misc.o
                0x00100a90                sleep
 .text          0x00100aa0       0x3c lib\OS.o
                0x00100aa0                OS_ConvertVaddr2Physaddr
 .text          0x00100adc       0xd4 lib\pm.o
                0x00100adc                dumpKernel
                0x00100ae0                getCurrentProcessId
                0x00100b04                getCurrentProcessHandle
                0x00100b6c                protectRemoteMemory
                0x00100b90                protectMemory
 .text          0x00100bb0      0x54c lib\rt.o
                0x00100bb0                rtInitLock
                0x00100bbc                rtAcquireLock
                0x00100bf0                rtReleaseLock
                0x00100bfc                rtAlignToPageSize
                0x00100c0c                rtGetPageOfAddress
                0x00100c18                rtCheckRemoteMemoryRegionSafeForWrite
                0x00100c68                rtSafeCopyMemory
                0x00100cc0                rtRecvSocket
                0x00100d20                rtSendSocket
                0x00100d7c                rtIntToPortNumber
                0x00100d98                rtGetFileSize
                0x00100e84                rtLoadFileToBuffer
                0x00100fcc                rtGenerateJumpCode
                0x00100fe4                rtFlushInstructionCache
                0x00100ffc                rtInitHook
                0x00101074                rtEnableHook
                0x001010b8                rtDisableHook
 .text          0x001010fc      0x10c lib\sharedfunc.o
                0x001010fc                initSharedFunc
 .text          0x00101208      0xef8 lib\SOC.o
                0x00101244                socu_cmd1
                0x00101294                SOC_Shutdown
                0x001012d0                SOC_Initialize
                0x00101338                SOC_GetErrno
                0x00101348                socket
                0x001013b0                closesocket
                0x00101410                shutdown
                0x00101474                listen
                0x001014d8                accept
                0x001015d4                bind
                0x001016a4                connect
                0x00101774                socuipc_cmd7
                0x00101890                socuipc_cmd8
                0x001019d0                socuipc_cmd9
                0x00101ae0                socuipc_cmda
                0x00101bf4                recvfrom
                0x00101c20                sendto
                0x00101c4c                recv
                0x00101c68                send
                0x00101c84                getsockopt
                0x00101d34                setsockopt
                0x00101dbc                fcntl
                0x00101e84                sockatmark
                0x00101ee4                gethostid
                0x00101f20                getsockname
                0x00102010                getpeername
 .text          0x00102100      0x118 lib\srv.o
                0x00102100                exitSrv
                0x00102118                srv_RegisterClient
                0x00102158                initSrv
                0x0010218c                srv_getServiceHandle
 .text          0x00102218       0x40 lib\stub.o
                0x00102218                showDbg
                0x00102220                nsDbgPrint
                0x00102228                plgRegisterMenuEntry
                0x00102230                plgGetSharedServiceHandle
                0x00102238                plgRequestMemory
                0x00102240                plgRegisterCallback
                0x00102248                xsprintf
                0x00102250                controlVideo
 *fill*         0x00102258        0x8 
 .text          0x00102260      0x2a0 lib\svc.o
                0x00102260                getThreadCommandBuffer
                0x0010226c                svc_controlMemory
                0x0010228c                svc_exitProcess
                0x00102294                svc_createThread
                0x001022b4                svc_exitThread
                0x001022bc                svc_sleepThread
                0x001022c4                svc_createMutex
                0x001022d8                svc_releaseMutex
                0x001022e0                svc_releaseSemaphore
                0x001022f4                svc_createEvent
                0x00102308                svc_signalEvent
                0x00102310                svc_clearEvent
                0x00102318                svc_createMemoryBlock
                0x00102330                svc_mapMemoryBlock
                0x00102338                svc_unmapMemoryBlock
                0x00102340                svc_arbitrateAddress
                0x00102348                svc_closeHandle
                0x00102350                svc_waitSynchronization1
                0x00102358                svc_waitSynchronizationN
                0x00102378                svc_getSystemTick
                0x00102380                svc_getSystemInfo
                0x0010239c                svc_getProcessInfo
                0x001023b8                svc_connectToPort
                0x001023cc                svc_sendSyncRequest
                0x001023d4                svc_getProcessId
                0x001023e8                svc_getThreadId
                0x001023fc                svc_setThreadIdealProcessor
                0x00102404                svc_openThread
                0x00102418                svc_flushProcessDataCache
                0x00102420                svc_invalidateProcessDataCache
                0x00102428                svc_queryMemory
                0x00102430                svc_addCodeSegment
                0x00102438                svc_openProcess
                0x0010244c                svc_controlProcessMemory
                0x00102464                svc_mapProcessMemory
                0x0010246c                svc_startInterProcessDma
                0x0010248c                svc_getDmaState
                0x001024a0                svc_backDoor
                0x001024a8                svc_getProcessList
                0x001024bc                svc_getThreadList
                0x001024d0                svc_getThreadContext
                0x001024d8                svc_debugActiveProcess
                0x001024ec                svc_readProcessMemory
                0x001024f4                svc_writeProcessMemory
 .text          0x00102500       0xf0 ./lib\libc.a(lib_a-memcpy-stub.o)
                0x00102500                memcpy
 .text          0x001025f0       0xf4 ./lib\libc.a(lib_a-memset.o)
                0x001025f0                memset
 .text          0x001026e4       0xf0 ./lib\libc.a(lib_a-strcpy.o)
                0x001026e4                strcpy
 .text          0x001027d4       0x60 ./lib\libc.a(lib_a-strlen.o)
                0x001027d4                strlen

.glue_7         0x00102834        0x0
 .glue_7        0x00102834        0x0 linker stubs

.glue_7t        0x00102834        0x0
 .glue_7t       0x00102834        0x0 linker stubs

.vfp11_veneer   0x00102834        0x0
 .vfp11_veneer  0x00102834        0x0 linker stubs

.v4_bx          0x00102834        0x0
 .v4_bx         0x00102834        0x0 linker stubs

.plt            0x00102834        0x0
 .plt           0x00102834        0x0 bootloader.o

.iplt           0x00102834        0x0
 .iplt          0x00102834        0x0 bootloader.o
                0x00102834                . = ALIGN (0x4)

.data           0x00102834        0x8
 *(.data)
 .data          0x00102834        0x0 bootloader.o
 .data          0x00102834        0x4 gameplg.o
                0x00102834                IoBasePad
 .data          0x00102838        0x0 lib\AC.o
 .data          0x00102838        0x0 lib\entry.o
 .data          0x00102838        0x0 lib\FS.o
 .data          0x00102838        0x4 lib\main.o
                0x00102838                socuRet
 .data          0x0010283c        0x0 lib\misc.o
 .data          0x0010283c        0x0 lib\OS.o
 .data          0x0010283c        0x0 lib\pm.o
 .data          0x0010283c        0x0 lib\rt.o
 .data          0x0010283c        0x0 lib\sharedfunc.o
 .data          0x0010283c        0x0 lib\SOC.o
 .data          0x0010283c        0x0 lib\srv.o
 .data          0x0010283c        0x0 lib\stub.o
 .data          0x0010283c        0x0 lib\svc.o
 .data          0x0010283c        0x0 ./lib\libc.a(lib_a-memcpy-stub.o)
 .data          0x0010283c        0x0 ./lib\libc.a(lib_a-memset.o)
 .data          0x0010283c        0x0 ./lib\libc.a(lib_a-strcpy.o)
 .data          0x0010283c        0x0 ./lib\libc.a(lib_a-strlen.o)

.dynamic        0x0010283c       0x80
 .dynamic       0x0010283c       0x80 bootloader.o
                0x0010283c                _DYNAMIC

.got            0x001028bc        0x0
 .got           0x001028bc        0x0 bootloader.o

.got.plt        0x001028bc        0xc
 .got.plt       0x001028bc        0xc bootloader.o
                0x001028bc                _GLOBAL_OFFSET_TABLE_

.igot.plt       0x001028c8        0x0
 .igot.plt      0x001028c8        0x0 bootloader.o
                0x001028c8                . = ALIGN (0x4)
                0x001028c8                . = ALIGN (0x4)

.rel.dyn        0x001028c8      0x218
 *(.__rel_dyn_start)
 .__rel_dyn_start
                0x001028c8        0x0 bootloader.o
 *(.rel*)
 .rel.got       0x001028c8        0x0 bootloader.o
 .rel.plt       0x001028c8        0x0 bootloader.o
 .rel.iplt      0x001028c8        0x0 bootloader.o
 .rel.text      0x001028c8      0x1f8 bootloader.o
 .rel.text.startup
                0x00102ac0       0x20 bootloader.o
 *(.rel.*)
 *(.__rel_dyn_end)
 .__rel_dyn_end
                0x00102ae0        0x0 bootloader.o
                0x00102ae0                __code_end = .

.interp         0x00102ae0       0x11
 .interp        0x00102ae0       0x11 bootloader.o

.gnu.version_d  0x00102af4        0x0
 .gnu.version_d
                0x00102af4        0x0 bootloader.o

.gnu.version    0x00102af2        0x0
 .gnu.version   0x00102af2        0x0 bootloader.o

.gnu.version_r  0x00102af4        0x0
 .gnu.version_r
                0x00102af4        0x0 bootloader.o

.dynsym         0x00102af4       0x60
 .dynsym        0x00102af4       0x60 bootloader.o

.dynstr         0x00102b54       0x21
 .dynstr        0x00102b54       0x21 bootloader.o

.hash           0x00102b78       0x2c
 .hash          0x00102b78       0x2c bootloader.o

.rodata.str1.1  0x00102ba4       0xc2
 .rodata.str1.1
                0x00102ba4        0x5 lib\AC.o
 .rodata.str1.1
                0x00102ba9       0x20 lib\main.o
 .rodata.str1.1
                0x00102bc9       0x1e lib\pm.o
 .rodata.str1.1
                0x00102be7       0x74 lib\rt.o
 .rodata.str1.1
                0x00102c5b        0x6 lib\SOC.o
 .rodata.str1.1
                0x00102c61        0x5 lib\srv.o

.rodata         0x00102c66       0x4d
 .rodata        0x00102c66       0x4d lib\SOC.o
                0x00102cb4                . = ALIGN (0x4)

.bss            0x00102cb4     0x403c
 *(.__bss_start)
 .__bss_start   0x00102cb4        0x0 bootloader.o
                0x00102cb4                __c_bss_start
 *(.bss COMMON)
 .bss           0x00102cb4        0x0 bootloader.o
 .bss           0x00102cb4        0x8 gameplg.o
                0x00102cb4                isNewNtr
                0x00102cb8                cheatEnabled
 COMMON         0x00102cbc     0x4020 gameplg.o
                0x00102cbc                sdmcArchive
                0x00102cd4                monsterHP
                0x00102cd8                fsUserHandle
                0x00102cdc                threadStack
 .bss           0x00106cdc        0x0 lib\AC.o
 .bss           0x00106cdc        0x0 lib\entry.o
 .bss           0x00106cdc        0x0 lib\FS.o
 .bss           0x00106cdc        0x0 lib\main.o
 .bss           0x00106cdc        0x0 lib\misc.o
 .bss           0x00106cdc        0x0 lib\OS.o
 .bss           0x00106cdc        0x8 lib\pm.o
                0x00106cdc                currentPid
                0x00106ce0                hCurrentProcess
 .bss           0x00106ce4        0x0 lib\rt.o
 .bss           0x00106ce4        0x0 lib\sharedfunc.o
 .bss           0x00106ce4        0x8 lib\SOC.o
                0x00106ce4                SOCU_handle
 .bss           0x00106cec        0x4 lib\srv.o
                0x00106cec                srvHandle
 .bss           0x00106cf0        0x0 lib\stub.o
 .bss           0x00106cf0        0x0 lib\svc.o
 .bss           0x00106cf0        0x0 ./lib\libc.a(lib_a-memcpy-stub.o)
 .bss           0x00106cf0        0x0 ./lib\libc.a(lib_a-memset.o)
 .bss           0x00106cf0        0x0 ./lib\libc.a(lib_a-strcpy.o)
 .bss           0x00106cf0        0x0 ./lib\libc.a(lib_a-strlen.o)
 *(.__bss_end)
 .__bss_end     0x00106cf0        0x0 bootloader.o
                0x00106cf0                __c_bss_end
                0x00106cf0                __end__ = .
LOAD bootloader.o
LOAD gameplg.o
LOAD lib\AC.o
LOAD lib\entry.o
LOAD lib\FS.o
LOAD lib\main.o
LOAD lib\misc.o
LOAD lib\OS.o
LOAD lib\pm.o
LOAD lib\rt.o
LOAD lib\sharedfunc.o
LOAD lib\SOC.o
LOAD lib\srv.o
LOAD lib\stub.o
LOAD lib\svc.o
LOAD ./lib\libc.a
LOAD ./lib\libgcc.a
OUTPUT(a.out elf32-littlearm)

.dynbss         0x00106cf0        0x0
 .dynbss        0x00106cf0        0x0 bootloader.o

.ARM.attributes
                0x00000000       0x27
 .ARM.attributes
                0x00000000       0x19 bootloader.o
 .ARM.attributes
                0x00000019       0x2b gameplg.o
 .ARM.attributes
                0x00000044       0x2b lib\AC.o
 .ARM.attributes
                0x0000006f       0x2b lib\entry.o
 .ARM.attributes
                0x0000009a       0x2b lib\FS.o
 .ARM.attributes
                0x000000c5       0x2b lib\main.o
 .ARM.attributes
                0x000000f0       0x19 lib\misc.o
 .ARM.attributes
                0x00000109       0x2b lib\OS.o
 .ARM.attributes
                0x00000134       0x2b lib\pm.o
 .ARM.attributes
                0x0000015f       0x2b lib\rt.o
 .ARM.attributes
                0x0000018a       0x2b lib\sharedfunc.o
 .ARM.attributes
                0x000001b5       0x2b lib\SOC.o
 .ARM.attributes
                0x000001e0       0x2b lib\srv.o
 .ARM.attributes
                0x0000020b       0x19 lib\stub.o
 .ARM.attributes
                0x00000224       0x19 lib\svc.o
 .ARM.attributes
                0x0000023d       0x30 ./lib\libc.a(lib_a-memcpy-stub.o)
 .ARM.attributes
                0x0000026d       0x30 ./lib\libc.a(lib_a-memset.o)
 .ARM.attributes
                0x0000029d       0x30 ./lib\libc.a(lib_a-strcpy.o)
 .ARM.attributes
                0x000002cd       0x30 ./lib\libc.a(lib_a-strlen.o)

.comment        0x00000000       0x44
 .comment       0x00000000       0x22 gameplg.o
                                 0x23 (size before relaxing)
 .comment       0x00000022       0x22 lib\AC.o
                                 0x23 (size before relaxing)
 .comment       0x00000044       0x23 lib\entry.o
 .comment       0x00000044       0x23 lib\FS.o
 .comment       0x00000044       0x23 lib\main.o
 .comment       0x00000044       0x23 lib\OS.o
 .comment       0x00000044       0x23 lib\pm.o
 .comment       0x00000044       0x23 lib\rt.o
 .comment       0x00000044       0x23 lib\sharedfunc.o
 .comment       0x00000044       0x23 lib\SOC.o
 .comment       0x00000044       0x23 lib\srv.o
 .comment       0x00000044       0x23 ./lib\libc.a(lib_a-memcpy-stub.o)
 .comment       0x00000044       0x23 ./lib\libc.a(lib_a-memset.o)
 .comment       0x00000044       0x23 ./lib\libc.a(lib_a-strcpy.o)
 .comment       0x00000044       0x23 ./lib\libc.a(lib_a-strlen.o)

.debug_info     0x00000000     0x4091
 .debug_info    0x00000000      0x50e gameplg.o
 .debug_info    0x0000050e      0x368 lib\AC.o
 .debug_info    0x00000876      0x11f lib\entry.o
 .debug_info    0x00000995      0x8a9 lib\FS.o
 .debug_info    0x0000123e      0x3ed lib\main.o
 .debug_info    0x0000162b       0xc0 lib\OS.o
 .debug_info    0x000016eb      0x335 lib\pm.o
 .debug_info    0x00001a20      0xc82 lib\rt.o
 .debug_info    0x000026a2      0x335 lib\sharedfunc.o
 .debug_info    0x000029d7     0x13dc lib\SOC.o
 .debug_info    0x00003db3      0x2de lib\srv.o

.debug_abbrev   0x00000000     0x10ee
 .debug_abbrev  0x00000000      0x20e gameplg.o
 .debug_abbrev  0x0000020e      0x13f lib\AC.o
 .debug_abbrev  0x0000034d       0xcc lib\entry.o
 .debug_abbrev  0x00000419      0x144 lib\FS.o
 .debug_abbrev  0x0000055d      0x1ad lib\main.o
 .debug_abbrev  0x0000070a       0x6d lib\OS.o
 .debug_abbrev  0x00000777      0x15f lib\pm.o
 .debug_abbrev  0x000008d6      0x2aa lib\rt.o
 .debug_abbrev  0x00000b80       0xfb lib\sharedfunc.o
 .debug_abbrev  0x00000c7b      0x304 lib\SOC.o
 .debug_abbrev  0x00000f7f      0x16f lib\srv.o

.debug_loc      0x00000000     0x29a1
 .debug_loc     0x00000000       0xf1 gameplg.o
 .debug_loc     0x000000f1      0x1cc lib\AC.o
 .debug_loc     0x000002bd       0x34 lib\entry.o
 .debug_loc     0x000002f1      0x7db lib\FS.o
 .debug_loc     0x00000acc       0x76 lib\main.o
 .debug_loc     0x00000b42       0x5c lib\OS.o
 .debug_loc     0x00000b9e       0xfa lib\pm.o
 .debug_loc     0x00000c98      0x6b8 lib\rt.o
 .debug_loc     0x00001350     0x152b lib\SOC.o
 .debug_loc     0x0000287b      0x126 lib\srv.o

.debug_aranges  0x00000000      0x168
 .debug_aranges
                0x00000000       0x20 gameplg.o
 .debug_aranges
                0x00000020       0x20 lib\AC.o
 .debug_aranges
                0x00000040       0x20 lib\entry.o
 .debug_aranges
                0x00000060       0x20 lib\FS.o
 .debug_aranges
                0x00000080       0x28 lib\main.o
 .debug_aranges
                0x000000a8       0x20 lib\OS.o
 .debug_aranges
                0x000000c8       0x20 lib\pm.o
 .debug_aranges
                0x000000e8       0x20 lib\rt.o
 .debug_aranges
                0x00000108       0x20 lib\sharedfunc.o
 .debug_aranges
                0x00000128       0x20 lib\SOC.o
 .debug_aranges
                0x00000148       0x20 lib\srv.o

.debug_ranges   0x00000000       0x98
 .debug_ranges  0x00000000       0x30 gameplg.o
 .debug_ranges  0x00000030       0x18 lib\main.o
 .debug_ranges  0x00000048       0x50 lib\rt.o

.debug_line     0x00000000     0x1289
 .debug_line    0x00000000      0x163 gameplg.o
 .debug_line    0x00000163      0x12e lib\AC.o
 .debug_line    0x00000291       0xe1 lib\entry.o
 .debug_line    0x00000372      0x1d0 lib\FS.o
 .debug_line    0x00000542      0x155 lib\main.o
 .debug_line    0x00000697       0xed lib\OS.o
 .debug_line    0x00000784      0x120 lib\pm.o
 .debug_line    0x000008a4      0x27f lib\rt.o
 .debug_line    0x00000b23      0x102 lib\sharedfunc.o
 .debug_line    0x00000c25      0x4ed lib\SOC.o
 .debug_line    0x00001112      0x177 lib\srv.o

.debug_str      0x00000000      0xc2f
 .debug_str     0x00000000      0x307 gameplg.o
                                0x391 (size before relaxing)
 .debug_str     0x00000307      0x122 lib\AC.o
                                0x1e9 (size before relaxing)
 .debug_str     0x00000429       0x3c lib\entry.o
                                0x14a (size before relaxing)
 .debug_str     0x00000465      0x15c lib\FS.o
                                0x367 (size before relaxing)
 .debug_str     0x000005c1       0xb8 lib\main.o
                                0x2a1 (size before relaxing)
 .debug_str     0x00000679       0x33 lib\OS.o
                                0x123 (size before relaxing)
 .debug_str     0x000006ac       0xdd lib\pm.o
                                0x229 (size before relaxing)
 .debug_str     0x00000789      0x1f7 lib\rt.o
                                0x4f0 (size before relaxing)
 .debug_str     0x00000980       0x1e lib\sharedfunc.o
                                0x22f (size before relaxing)
 .debug_str     0x0000099e      0x247 lib\SOC.o
                                0x420 (size before relaxing)
 .debug_str     0x00000be5       0x4a lib\srv.o
                                0x1e1 (size before relaxing)

.debug_frame    0x00000000      0x984
 .debug_frame   0x00000000       0x68 gameplg.o
 .debug_frame   0x00000068       0x8c lib\AC.o
 .debug_frame   0x000000f4       0x30 lib\entry.o
 .debug_frame   0x00000124      0x1ac lib\FS.o
 .debug_frame   0x000002d0       0x48 lib\main.o
 .debug_frame   0x00000318       0x20 lib\OS.o
 .debug_frame   0x00000338       0x90 lib\pm.o
 .debug_frame   0x000003c8      0x1a8 lib\rt.o
 .debug_frame   0x00000570       0x2c lib\sharedfunc.o
 .debug_frame   0x0000059c      0x370 lib\SOC.o
 .debug_frame   0x0000090c       0x78 lib\srv.o
